/Users/nolson/Projects/mgtst_pipelines/data/1-A10_S10_L001_R1_001.fastq.gz
/Users/nolson/Projects/mgtst_pipelines/data/1-A10_S10_L001_R2_001.fastq.gz
/Users/nolson/Projects/mgtst_pipelines/data/1-A11_S11_L001_R1_001.fastq.gz
/Users/nolson/Projects/mgtst_pipelines/data/1-A11_S11_L001_R2_001.fastq.gz
/Users/nolson/Projects/mgtst_pipelines/data/1-A12_S12_L001_R1_001.fastq.gz
/Users/nolson/Projects/mgtst_pipelines/data/1-A12_S12_L001_R2_001.fastq.gz
/Users/nolson/Projects/mgtst_pipelines/data/1-A1_S1_L001_R1_001.fastq.gz
/Users/nolson/Projects/mgtst_pipelines/data/1-A1_S1_L001_R2_001.fastq.gz
/Users/nolson/Projects/mgtst_pipelines/data/1-A2_S2_L001_R1_001.fastq.gz
/Users/nolson/Projects/mgtst_pipelines/data/1-A2_S2_L001_R2_001.fastq.gz
/Users/nolson/Projects/mgtst_pipelines/data/1-A3_S3_L001_R1_001.fastq.gz
/Users/nolson/Projects/mgtst_pipelines/data/1-A3_S3_L001_R2_001.fastq.gz
/Users/nolson/Projects/mgtst_pipelines/data/1-A4_S4_L001_R1_001.fastq.gz
/Users/nolson/Projects/mgtst_pipelines/data/1-A4_S4_L001_R2_001.fastq.gz
/Users/nolson/Projects/mgtst_pipelines/data/1-A5_S5_L001_R1_001.fastq.gz
/Users/nolson/Projects/mgtst_pipelines/data/1-A5_S5_L001_R2_001.fastq.gz
/Users/nolson/Projects/mgtst_pipelines/data/1-A6_S6_L001_R1_001.fastq.gz
/Users/nolson/Projects/mgtst_pipelines/data/1-A6_S6_L001_R2_001.fastq.gz
/Users/nolson/Projects/mgtst_pipelines/data/1-A7_S7_L001_R1_001.fastq.gz
/Users/nolson/Projects/mgtst_pipelines/data/1-A7_S7_L001_R2_001.fastq.gz
/Users/nolson/Projects/mgtst_pipelines/data/1-A8_S8_L001_R1_001.fastq.gz
/Users/nolson/Projects/mgtst_pipelines/data/1-A8_S8_L001_R2_001.fastq.gz
/Users/nolson/Projects/mgtst_pipelines/data/1-A9_S9_L001_R1_001.fastq.gz
/Users/nolson/Projects/mgtst_pipelines/data/1-A9_S9_L001_R2_001.fastq.gz
/Users/nolson/Projects/mgtst_pipelines/data/1-B10_S22_L001_R1_001.fastq.gz
/Users/nolson/Projects/mgtst_pipelines/data/1-B10_S22_L001_R2_001.fastq.gz
/Users/nolson/Projects/mgtst_pipelines/data/1-B11_S23_L001_R1_001.fastq.gz
/Users/nolson/Projects/mgtst_pipelines/data/1-B11_S23_L001_R2_001.fastq.gz
/Users/nolson/Projects/mgtst_pipelines/data/1-B12_S24_L001_R1_001.fastq.gz
/Users/nolson/Projects/mgtst_pipelines/data/1-B12_S24_L001_R2_001.fastq.gz
/Users/nolson/Projects/mgtst_pipelines/data/1-B1_S13_L001_R1_001.fastq.gz
/Users/nolson/Projects/mgtst_pipelines/data/1-B1_S13_L001_R2_001.fastq.gz
/Users/nolson/Projects/mgtst_pipelines/data/1-B2_S14_L001_R1_001.fastq.gz
/Users/nolson/Projects/mgtst_pipelines/data/1-B2_S14_L001_R2_001.fastq.gz
/Users/nolson/Projects/mgtst_pipelines/data/1-B3_S15_L001_R1_001.fastq.gz
/Users/nolson/Projects/mgtst_pipelines/data/1-B3_S15_L001_R2_001.fastq.gz
/Users/nolson/Projects/mgtst_pipelines/data/1-B4_S16_L001_R1_001.fastq.gz
/Users/nolson/Projects/mgtst_pipelines/data/1-B4_S16_L001_R2_001.fastq.gz
/Users/nolson/Projects/mgtst_pipelines/data/1-B5_S17_L001_R1_001.fastq.gz
/Users/nolson/Projects/mgtst_pipelines/data/1-B5_S17_L001_R2_001.fastq.gz
/Users/nolson/Projects/mgtst_pipelines/data/1-B6_S18_L001_R1_001.fastq.gz
/Users/nolson/Projects/mgtst_pipelines/data/1-B6_S18_L001_R2_001.fastq.gz
/Users/nolson/Projects/mgtst_pipelines/data/1-B7_S19_L001_R1_001.fastq.gz
/Users/nolson/Projects/mgtst_pipelines/data/1-B7_S19_L001_R2_001.fastq.gz
/Users/nolson/Projects/mgtst_pipelines/data/1-B8_S20_L001_R1_001.fastq.gz
/Users/nolson/Projects/mgtst_pipelines/data/1-B8_S20_L001_R2_001.fastq.gz
/Users/nolson/Projects/mgtst_pipelines/data/1-B9_S21_L001_R1_001.fastq.gz
/Users/nolson/Projects/mgtst_pipelines/data/1-B9_S21_L001_R2_001.fastq.gz
/Users/nolson/Projects/mgtst_pipelines/data/1-C10_S34_L001_R1_001.fastq.gz
/Users/nolson/Projects/mgtst_pipelines/data/1-C10_S34_L001_R2_001.fastq.gz
/Users/nolson/Projects/mgtst_pipelines/data/1-C11_S35_L001_R1_001.fastq.gz
/Users/nolson/Projects/mgtst_pipelines/data/1-C11_S35_L001_R2_001.fastq.gz
/Users/nolson/Projects/mgtst_pipelines/data/1-C12_S36_L001_R1_001.fastq.gz
/Users/nolson/Projects/mgtst_pipelines/data/1-C12_S36_L001_R2_001.fastq.gz
/Users/nolson/Projects/mgtst_pipelines/data/1-C1_S25_L001_R1_001.fastq.gz
/Users/nolson/Projects/mgtst_pipelines/data/1-C1_S25_L001_R2_001.fastq.gz
/Users/nolson/Projects/mgtst_pipelines/data/1-C2_S26_L001_R1_001.fastq.gz
/Users/nolson/Projects/mgtst_pipelines/data/1-C2_S26_L001_R2_001.fastq.gz
/Users/nolson/Projects/mgtst_pipelines/data/1-C3_S27_L001_R1_001.fastq.gz
/Users/nolson/Projects/mgtst_pipelines/data/1-C3_S27_L001_R2_001.fastq.gz
/Users/nolson/Projects/mgtst_pipelines/data/1-C4_S28_L001_R1_001.fastq.gz
/Users/nolson/Projects/mgtst_pipelines/data/1-C4_S28_L001_R2_001.fastq.gz
/Users/nolson/Projects/mgtst_pipelines/data/1-C5_S29_L001_R1_001.fastq.gz
/Users/nolson/Projects/mgtst_pipelines/data/1-C5_S29_L001_R2_001.fastq.gz
/Users/nolson/Projects/mgtst_pipelines/data/1-C6_S30_L001_R1_001.fastq.gz
/Users/nolson/Projects/mgtst_pipelines/data/1-C6_S30_L001_R2_001.fastq.gz
/Users/nolson/Projects/mgtst_pipelines/data/1-C7_S31_L001_R1_001.fastq.gz
/Users/nolson/Projects/mgtst_pipelines/data/1-C7_S31_L001_R2_001.fastq.gz
/Users/nolson/Projects/mgtst_pipelines/data/1-C8_S32_L001_R1_001.fastq.gz
/Users/nolson/Projects/mgtst_pipelines/data/1-C8_S32_L001_R2_001.fastq.gz
/Users/nolson/Projects/mgtst_pipelines/data/1-C9_S33_L001_R1_001.fastq.gz
/Users/nolson/Projects/mgtst_pipelines/data/1-C9_S33_L001_R2_001.fastq.gz
/Users/nolson/Projects/mgtst_pipelines/data/1-D10_S46_L001_R1_001.fastq.gz
/Users/nolson/Projects/mgtst_pipelines/data/1-D10_S46_L001_R2_001.fastq.gz
/Users/nolson/Projects/mgtst_pipelines/data/1-D11_S47_L001_R1_001.fastq.gz
/Users/nolson/Projects/mgtst_pipelines/data/1-D11_S47_L001_R2_001.fastq.gz
/Users/nolson/Projects/mgtst_pipelines/data/1-D12_S48_L001_R1_001.fastq.gz
/Users/nolson/Projects/mgtst_pipelines/data/1-D12_S48_L001_R2_001.fastq.gz
/Users/nolson/Projects/mgtst_pipelines/data/1-D1_S37_L001_R1_001.fastq.gz
/Users/nolson/Projects/mgtst_pipelines/data/1-D1_S37_L001_R2_001.fastq.gz
/Users/nolson/Projects/mgtst_pipelines/data/1-D2_S38_L001_R1_001.fastq.gz
/Users/nolson/Projects/mgtst_pipelines/data/1-D2_S38_L001_R2_001.fastq.gz
/Users/nolson/Projects/mgtst_pipelines/data/1-D3_S39_L001_R1_001.fastq.gz
/Users/nolson/Projects/mgtst_pipelines/data/1-D3_S39_L001_R2_001.fastq.gz
/Users/nolson/Projects/mgtst_pipelines/data/1-D4_S40_L001_R1_001.fastq.gz
/Users/nolson/Projects/mgtst_pipelines/data/1-D4_S40_L001_R2_001.fastq.gz
/Users/nolson/Projects/mgtst_pipelines/data/1-D5_S41_L001_R1_001.fastq.gz
/Users/nolson/Projects/mgtst_pipelines/data/1-D5_S41_L001_R2_001.fastq.gz
/Users/nolson/Projects/mgtst_pipelines/data/1-D6_S42_L001_R1_001.fastq.gz
/Users/nolson/Projects/mgtst_pipelines/data/1-D6_S42_L001_R2_001.fastq.gz
/Users/nolson/Projects/mgtst_pipelines/data/1-D7_S43_L001_R1_001.fastq.gz
/Users/nolson/Projects/mgtst_pipelines/data/1-D7_S43_L001_R2_001.fastq.gz
/Users/nolson/Projects/mgtst_pipelines/data/1-D8_S44_L001_R1_001.fastq.gz
/Users/nolson/Projects/mgtst_pipelines/data/1-D8_S44_L001_R2_001.fastq.gz
/Users/nolson/Projects/mgtst_pipelines/data/1-D9_S45_L001_R1_001.fastq.gz
/Users/nolson/Projects/mgtst_pipelines/data/1-D9_S45_L001_R2_001.fastq.gz
/Users/nolson/Projects/mgtst_pipelines/data/1-E10_S58_L001_R1_001.fastq.gz
/Users/nolson/Projects/mgtst_pipelines/data/1-E10_S58_L001_R2_001.fastq.gz
/Users/nolson/Projects/mgtst_pipelines/data/1-E11_S59_L001_R1_001.fastq.gz
/Users/nolson/Projects/mgtst_pipelines/data/1-E11_S59_L001_R2_001.fastq.gz
/Users/nolson/Projects/mgtst_pipelines/data/1-E12_S60_L001_R1_001.fastq.gz
/Users/nolson/Projects/mgtst_pipelines/data/1-E12_S60_L001_R2_001.fastq.gz
/Users/nolson/Projects/mgtst_pipelines/data/1-E1_S49_L001_R1_001.fastq.gz
/Users/nolson/Projects/mgtst_pipelines/data/1-E1_S49_L001_R2_001.fastq.gz
/Users/nolson/Projects/mgtst_pipelines/data/1-E2_S50_L001_R1_001.fastq.gz
/Users/nolson/Projects/mgtst_pipelines/data/1-E2_S50_L001_R2_001.fastq.gz
/Users/nolson/Projects/mgtst_pipelines/data/1-E3_S51_L001_R1_001.fastq.gz
/Users/nolson/Projects/mgtst_pipelines/data/1-E3_S51_L001_R2_001.fastq.gz
/Users/nolson/Projects/mgtst_pipelines/data/1-E4_S52_L001_R1_001.fastq.gz
/Users/nolson/Projects/mgtst_pipelines/data/1-E4_S52_L001_R2_001.fastq.gz
/Users/nolson/Projects/mgtst_pipelines/data/1-E5_S53_L001_R1_001.fastq.gz
/Users/nolson/Projects/mgtst_pipelines/data/1-E5_S53_L001_R2_001.fastq.gz
/Users/nolson/Projects/mgtst_pipelines/data/1-E6_S54_L001_R1_001.fastq.gz
/Users/nolson/Projects/mgtst_pipelines/data/1-E6_S54_L001_R2_001.fastq.gz
/Users/nolson/Projects/mgtst_pipelines/data/1-E7_S55_L001_R1_001.fastq.gz
/Users/nolson/Projects/mgtst_pipelines/data/1-E7_S55_L001_R2_001.fastq.gz
/Users/nolson/Projects/mgtst_pipelines/data/1-E8_S56_L001_R1_001.fastq.gz
/Users/nolson/Projects/mgtst_pipelines/data/1-E8_S56_L001_R2_001.fastq.gz
/Users/nolson/Projects/mgtst_pipelines/data/1-E9_S57_L001_R1_001.fastq.gz
/Users/nolson/Projects/mgtst_pipelines/data/1-E9_S57_L001_R2_001.fastq.gz
/Users/nolson/Projects/mgtst_pipelines/data/1-F10_S70_L001_R1_001.fastq.gz
/Users/nolson/Projects/mgtst_pipelines/data/1-F10_S70_L001_R2_001.fastq.gz
/Users/nolson/Projects/mgtst_pipelines/data/1-F11_S71_L001_R1_001.fastq.gz
/Users/nolson/Projects/mgtst_pipelines/data/1-F11_S71_L001_R2_001.fastq.gz
/Users/nolson/Projects/mgtst_pipelines/data/1-F12_S72_L001_R1_001.fastq.gz
/Users/nolson/Projects/mgtst_pipelines/data/1-F12_S72_L001_R2_001.fastq.gz
/Users/nolson/Projects/mgtst_pipelines/data/1-F1_S61_L001_R1_001.fastq.gz
/Users/nolson/Projects/mgtst_pipelines/data/1-F1_S61_L001_R2_001.fastq.gz
/Users/nolson/Projects/mgtst_pipelines/data/1-F2_S62_L001_R1_001.fastq.gz
/Users/nolson/Projects/mgtst_pipelines/data/1-F2_S62_L001_R2_001.fastq.gz
/Users/nolson/Projects/mgtst_pipelines/data/1-F3_S63_L001_R1_001.fastq.gz
/Users/nolson/Projects/mgtst_pipelines/data/1-F3_S63_L001_R2_001.fastq.gz
/Users/nolson/Projects/mgtst_pipelines/data/1-F4_S64_L001_R1_001.fastq.gz
/Users/nolson/Projects/mgtst_pipelines/data/1-F4_S64_L001_R2_001.fastq.gz
/Users/nolson/Projects/mgtst_pipelines/data/1-F5_S65_L001_R1_001.fastq.gz
/Users/nolson/Projects/mgtst_pipelines/data/1-F5_S65_L001_R2_001.fastq.gz
/Users/nolson/Projects/mgtst_pipelines/data/1-F6_S66_L001_R1_001.fastq.gz
/Users/nolson/Projects/mgtst_pipelines/data/1-F6_S66_L001_R2_001.fastq.gz
/Users/nolson/Projects/mgtst_pipelines/data/1-F7_S67_L001_R1_001.fastq.gz
/Users/nolson/Projects/mgtst_pipelines/data/1-F7_S67_L001_R2_001.fastq.gz
/Users/nolson/Projects/mgtst_pipelines/data/1-F8_S68_L001_R1_001.fastq.gz
/Users/nolson/Projects/mgtst_pipelines/data/1-F8_S68_L001_R2_001.fastq.gz
/Users/nolson/Projects/mgtst_pipelines/data/1-F9_S69_L001_R1_001.fastq.gz
/Users/nolson/Projects/mgtst_pipelines/data/1-F9_S69_L001_R2_001.fastq.gz
/Users/nolson/Projects/mgtst_pipelines/data/1-G10_S82_L001_R1_001.fastq.gz
/Users/nolson/Projects/mgtst_pipelines/data/1-G10_S82_L001_R2_001.fastq.gz
/Users/nolson/Projects/mgtst_pipelines/data/1-G11_S83_L001_R1_001.fastq.gz
/Users/nolson/Projects/mgtst_pipelines/data/1-G11_S83_L001_R2_001.fastq.gz
/Users/nolson/Projects/mgtst_pipelines/data/1-G12_S84_L001_R1_001.fastq.gz
/Users/nolson/Projects/mgtst_pipelines/data/1-G12_S84_L001_R2_001.fastq.gz
/Users/nolson/Projects/mgtst_pipelines/data/1-G1_S73_L001_R1_001.fastq.gz
/Users/nolson/Projects/mgtst_pipelines/data/1-G1_S73_L001_R2_001.fastq.gz
/Users/nolson/Projects/mgtst_pipelines/data/1-G2_S74_L001_R1_001.fastq.gz
/Users/nolson/Projects/mgtst_pipelines/data/1-G2_S74_L001_R2_001.fastq.gz
/Users/nolson/Projects/mgtst_pipelines/data/1-G3_S75_L001_R1_001.fastq.gz
/Users/nolson/Projects/mgtst_pipelines/data/1-G3_S75_L001_R2_001.fastq.gz
/Users/nolson/Projects/mgtst_pipelines/data/1-G4_S76_L001_R1_001.fastq.gz
/Users/nolson/Projects/mgtst_pipelines/data/1-G4_S76_L001_R2_001.fastq.gz
/Users/nolson/Projects/mgtst_pipelines/data/1-G5_S77_L001_R1_001.fastq.gz
/Users/nolson/Projects/mgtst_pipelines/data/1-G5_S77_L001_R2_001.fastq.gz
/Users/nolson/Projects/mgtst_pipelines/data/1-G6_S78_L001_R1_001.fastq.gz
/Users/nolson/Projects/mgtst_pipelines/data/1-G6_S78_L001_R2_001.fastq.gz
/Users/nolson/Projects/mgtst_pipelines/data/1-G7_S79_L001_R1_001.fastq.gz
/Users/nolson/Projects/mgtst_pipelines/data/1-G7_S79_L001_R2_001.fastq.gz
/Users/nolson/Projects/mgtst_pipelines/data/1-G8_S80_L001_R1_001.fastq.gz
/Users/nolson/Projects/mgtst_pipelines/data/1-G8_S80_L001_R2_001.fastq.gz
/Users/nolson/Projects/mgtst_pipelines/data/1-G9_S81_L001_R1_001.fastq.gz
/Users/nolson/Projects/mgtst_pipelines/data/1-G9_S81_L001_R2_001.fastq.gz
/Users/nolson/Projects/mgtst_pipelines/data/1-H10_S94_L001_R1_001.fastq.gz
/Users/nolson/Projects/mgtst_pipelines/data/1-H10_S94_L001_R2_001.fastq.gz
/Users/nolson/Projects/mgtst_pipelines/data/1-H11_S95_L001_R1_001.fastq.gz
/Users/nolson/Projects/mgtst_pipelines/data/1-H11_S95_L001_R2_001.fastq.gz
/Users/nolson/Projects/mgtst_pipelines/data/1-H12_S96_L001_R1_001.fastq.gz
/Users/nolson/Projects/mgtst_pipelines/data/1-H12_S96_L001_R2_001.fastq.gz
/Users/nolson/Projects/mgtst_pipelines/data/1-H1_S85_L001_R1_001.fastq.gz
/Users/nolson/Projects/mgtst_pipelines/data/1-H1_S85_L001_R2_001.fastq.gz
/Users/nolson/Projects/mgtst_pipelines/data/1-H2_S86_L001_R1_001.fastq.gz
/Users/nolson/Projects/mgtst_pipelines/data/1-H2_S86_L001_R2_001.fastq.gz
/Users/nolson/Projects/mgtst_pipelines/data/1-H3_S87_L001_R1_001.fastq.gz
/Users/nolson/Projects/mgtst_pipelines/data/1-H3_S87_L001_R2_001.fastq.gz
/Users/nolson/Projects/mgtst_pipelines/data/1-H4_S88_L001_R1_001.fastq.gz
/Users/nolson/Projects/mgtst_pipelines/data/1-H4_S88_L001_R2_001.fastq.gz
/Users/nolson/Projects/mgtst_pipelines/data/1-H5_S89_L001_R1_001.fastq.gz
/Users/nolson/Projects/mgtst_pipelines/data/1-H5_S89_L001_R2_001.fastq.gz
/Users/nolson/Projects/mgtst_pipelines/data/1-H6_S90_L001_R1_001.fastq.gz
/Users/nolson/Projects/mgtst_pipelines/data/1-H6_S90_L001_R2_001.fastq.gz
/Users/nolson/Projects/mgtst_pipelines/data/1-H7_S91_L001_R1_001.fastq.gz
/Users/nolson/Projects/mgtst_pipelines/data/1-H7_S91_L001_R2_001.fastq.gz
/Users/nolson/Projects/mgtst_pipelines/data/1-H8_S92_L001_R1_001.fastq.gz
/Users/nolson/Projects/mgtst_pipelines/data/1-H8_S92_L001_R2_001.fastq.gz
/Users/nolson/Projects/mgtst_pipelines/data/1-H9_S93_L001_R1_001.fastq.gz
/Users/nolson/Projects/mgtst_pipelines/data/1-H9_S93_L001_R2_001.fastq.gz
/Users/nolson/Projects/mgtst_pipelines/data/2-A10_S106_L001_R1_001.fastq.gz
/Users/nolson/Projects/mgtst_pipelines/data/2-A10_S106_L001_R2_001.fastq.gz
/Users/nolson/Projects/mgtst_pipelines/data/2-A11_S107_L001_R1_001.fastq.gz
/Users/nolson/Projects/mgtst_pipelines/data/2-A11_S107_L001_R2_001.fastq.gz
/Users/nolson/Projects/mgtst_pipelines/data/2-A12_S108_L001_R1_001.fastq.gz
/Users/nolson/Projects/mgtst_pipelines/data/2-A12_S108_L001_R2_001.fastq.gz
/Users/nolson/Projects/mgtst_pipelines/data/2-A1_S97_L001_R1_001.fastq.gz
/Users/nolson/Projects/mgtst_pipelines/data/2-A1_S97_L001_R2_001.fastq.gz
/Users/nolson/Projects/mgtst_pipelines/data/2-A2_S98_L001_R1_001.fastq.gz
/Users/nolson/Projects/mgtst_pipelines/data/2-A2_S98_L001_R2_001.fastq.gz
/Users/nolson/Projects/mgtst_pipelines/data/2-A3_S99_L001_R1_001.fastq.gz
/Users/nolson/Projects/mgtst_pipelines/data/2-A3_S99_L001_R2_001.fastq.gz
/Users/nolson/Projects/mgtst_pipelines/data/2-A4_S100_L001_R1_001.fastq.gz
/Users/nolson/Projects/mgtst_pipelines/data/2-A4_S100_L001_R2_001.fastq.gz
/Users/nolson/Projects/mgtst_pipelines/data/2-A5_S101_L001_R1_001.fastq.gz
/Users/nolson/Projects/mgtst_pipelines/data/2-A5_S101_L001_R2_001.fastq.gz
/Users/nolson/Projects/mgtst_pipelines/data/2-A6_S102_L001_R1_001.fastq.gz
/Users/nolson/Projects/mgtst_pipelines/data/2-A6_S102_L001_R2_001.fastq.gz
/Users/nolson/Projects/mgtst_pipelines/data/2-A7_S103_L001_R1_001.fastq.gz
/Users/nolson/Projects/mgtst_pipelines/data/2-A7_S103_L001_R2_001.fastq.gz
/Users/nolson/Projects/mgtst_pipelines/data/2-A8_S104_L001_R1_001.fastq.gz
/Users/nolson/Projects/mgtst_pipelines/data/2-A8_S104_L001_R2_001.fastq.gz
/Users/nolson/Projects/mgtst_pipelines/data/2-A9_S105_L001_R1_001.fastq.gz
/Users/nolson/Projects/mgtst_pipelines/data/2-A9_S105_L001_R2_001.fastq.gz
/Users/nolson/Projects/mgtst_pipelines/data/2-B10_S118_L001_R1_001.fastq.gz
/Users/nolson/Projects/mgtst_pipelines/data/2-B10_S118_L001_R2_001.fastq.gz
/Users/nolson/Projects/mgtst_pipelines/data/2-B11_S119_L001_R1_001.fastq.gz
/Users/nolson/Projects/mgtst_pipelines/data/2-B11_S119_L001_R2_001.fastq.gz
/Users/nolson/Projects/mgtst_pipelines/data/2-B12_S120_L001_R1_001.fastq.gz
/Users/nolson/Projects/mgtst_pipelines/data/2-B12_S120_L001_R2_001.fastq.gz
/Users/nolson/Projects/mgtst_pipelines/data/2-B1_S109_L001_R1_001.fastq.gz
/Users/nolson/Projects/mgtst_pipelines/data/2-B1_S109_L001_R2_001.fastq.gz
/Users/nolson/Projects/mgtst_pipelines/data/2-B2_S110_L001_R1_001.fastq.gz
/Users/nolson/Projects/mgtst_pipelines/data/2-B2_S110_L001_R2_001.fastq.gz
/Users/nolson/Projects/mgtst_pipelines/data/2-B3_S111_L001_R1_001.fastq.gz
/Users/nolson/Projects/mgtst_pipelines/data/2-B3_S111_L001_R2_001.fastq.gz
/Users/nolson/Projects/mgtst_pipelines/data/2-B4_S112_L001_R1_001.fastq.gz
/Users/nolson/Projects/mgtst_pipelines/data/2-B4_S112_L001_R2_001.fastq.gz
/Users/nolson/Projects/mgtst_pipelines/data/2-B5_S113_L001_R1_001.fastq.gz
/Users/nolson/Projects/mgtst_pipelines/data/2-B5_S113_L001_R2_001.fastq.gz
/Users/nolson/Projects/mgtst_pipelines/data/2-B6_S114_L001_R1_001.fastq.gz
/Users/nolson/Projects/mgtst_pipelines/data/2-B6_S114_L001_R2_001.fastq.gz
/Users/nolson/Projects/mgtst_pipelines/data/2-B7_S115_L001_R1_001.fastq.gz
/Users/nolson/Projects/mgtst_pipelines/data/2-B7_S115_L001_R2_001.fastq.gz
/Users/nolson/Projects/mgtst_pipelines/data/2-B8_S116_L001_R1_001.fastq.gz
/Users/nolson/Projects/mgtst_pipelines/data/2-B8_S116_L001_R2_001.fastq.gz
/Users/nolson/Projects/mgtst_pipelines/data/2-B9_S117_L001_R1_001.fastq.gz
/Users/nolson/Projects/mgtst_pipelines/data/2-B9_S117_L001_R2_001.fastq.gz
/Users/nolson/Projects/mgtst_pipelines/data/2-C10_S130_L001_R1_001.fastq.gz
/Users/nolson/Projects/mgtst_pipelines/data/2-C10_S130_L001_R2_001.fastq.gz
/Users/nolson/Projects/mgtst_pipelines/data/2-C11_S131_L001_R1_001.fastq.gz
/Users/nolson/Projects/mgtst_pipelines/data/2-C11_S131_L001_R2_001.fastq.gz
/Users/nolson/Projects/mgtst_pipelines/data/2-C12_S132_L001_R1_001.fastq.gz
/Users/nolson/Projects/mgtst_pipelines/data/2-C12_S132_L001_R2_001.fastq.gz
/Users/nolson/Projects/mgtst_pipelines/data/2-C1_S121_L001_R1_001.fastq.gz
/Users/nolson/Projects/mgtst_pipelines/data/2-C1_S121_L001_R2_001.fastq.gz
/Users/nolson/Projects/mgtst_pipelines/data/2-C2_S122_L001_R1_001.fastq.gz
/Users/nolson/Projects/mgtst_pipelines/data/2-C2_S122_L001_R2_001.fastq.gz
/Users/nolson/Projects/mgtst_pipelines/data/2-C3_S123_L001_R1_001.fastq.gz
/Users/nolson/Projects/mgtst_pipelines/data/2-C3_S123_L001_R2_001.fastq.gz
/Users/nolson/Projects/mgtst_pipelines/data/2-C4_S124_L001_R1_001.fastq.gz
/Users/nolson/Projects/mgtst_pipelines/data/2-C4_S124_L001_R2_001.fastq.gz
/Users/nolson/Projects/mgtst_pipelines/data/2-C5_S125_L001_R1_001.fastq.gz
/Users/nolson/Projects/mgtst_pipelines/data/2-C5_S125_L001_R2_001.fastq.gz
/Users/nolson/Projects/mgtst_pipelines/data/2-C6_S126_L001_R1_001.fastq.gz
/Users/nolson/Projects/mgtst_pipelines/data/2-C6_S126_L001_R2_001.fastq.gz
/Users/nolson/Projects/mgtst_pipelines/data/2-C7_S127_L001_R1_001.fastq.gz
/Users/nolson/Projects/mgtst_pipelines/data/2-C7_S127_L001_R2_001.fastq.gz
/Users/nolson/Projects/mgtst_pipelines/data/2-C8_S128_L001_R1_001.fastq.gz
/Users/nolson/Projects/mgtst_pipelines/data/2-C8_S128_L001_R2_001.fastq.gz
/Users/nolson/Projects/mgtst_pipelines/data/2-C9_S129_L001_R1_001.fastq.gz
/Users/nolson/Projects/mgtst_pipelines/data/2-C9_S129_L001_R2_001.fastq.gz
/Users/nolson/Projects/mgtst_pipelines/data/2-D10_S142_L001_R1_001.fastq.gz
/Users/nolson/Projects/mgtst_pipelines/data/2-D10_S142_L001_R2_001.fastq.gz
/Users/nolson/Projects/mgtst_pipelines/data/2-D11_S143_L001_R1_001.fastq.gz
/Users/nolson/Projects/mgtst_pipelines/data/2-D11_S143_L001_R2_001.fastq.gz
/Users/nolson/Projects/mgtst_pipelines/data/2-D12_S144_L001_R1_001.fastq.gz
/Users/nolson/Projects/mgtst_pipelines/data/2-D12_S144_L001_R2_001.fastq.gz
/Users/nolson/Projects/mgtst_pipelines/data/2-D1_S133_L001_R1_001.fastq.gz
/Users/nolson/Projects/mgtst_pipelines/data/2-D1_S133_L001_R2_001.fastq.gz
/Users/nolson/Projects/mgtst_pipelines/data/2-D2_S134_L001_R1_001.fastq.gz
/Users/nolson/Projects/mgtst_pipelines/data/2-D2_S134_L001_R2_001.fastq.gz
/Users/nolson/Projects/mgtst_pipelines/data/2-D3_S135_L001_R1_001.fastq.gz
/Users/nolson/Projects/mgtst_pipelines/data/2-D3_S135_L001_R2_001.fastq.gz
/Users/nolson/Projects/mgtst_pipelines/data/2-D4_S136_L001_R1_001.fastq.gz
/Users/nolson/Projects/mgtst_pipelines/data/2-D4_S136_L001_R2_001.fastq.gz
/Users/nolson/Projects/mgtst_pipelines/data/2-D5_S137_L001_R1_001.fastq.gz
/Users/nolson/Projects/mgtst_pipelines/data/2-D5_S137_L001_R2_001.fastq.gz
/Users/nolson/Projects/mgtst_pipelines/data/2-D6_S138_L001_R1_001.fastq.gz
/Users/nolson/Projects/mgtst_pipelines/data/2-D6_S138_L001_R2_001.fastq.gz
/Users/nolson/Projects/mgtst_pipelines/data/2-D7_S139_L001_R1_001.fastq.gz
/Users/nolson/Projects/mgtst_pipelines/data/2-D7_S139_L001_R2_001.fastq.gz
/Users/nolson/Projects/mgtst_pipelines/data/2-D8_S140_L001_R1_001.fastq.gz
/Users/nolson/Projects/mgtst_pipelines/data/2-D8_S140_L001_R2_001.fastq.gz
/Users/nolson/Projects/mgtst_pipelines/data/2-D9_S141_L001_R1_001.fastq.gz
/Users/nolson/Projects/mgtst_pipelines/data/2-D9_S141_L001_R2_001.fastq.gz
/Users/nolson/Projects/mgtst_pipelines/data/2-E10_S154_L001_R1_001.fastq.gz
/Users/nolson/Projects/mgtst_pipelines/data/2-E10_S154_L001_R2_001.fastq.gz
/Users/nolson/Projects/mgtst_pipelines/data/2-E11_S155_L001_R1_001.fastq.gz
/Users/nolson/Projects/mgtst_pipelines/data/2-E11_S155_L001_R2_001.fastq.gz
/Users/nolson/Projects/mgtst_pipelines/data/2-E12_S156_L001_R1_001.fastq.gz
/Users/nolson/Projects/mgtst_pipelines/data/2-E12_S156_L001_R2_001.fastq.gz
/Users/nolson/Projects/mgtst_pipelines/data/2-E1_S145_L001_R1_001.fastq.gz
/Users/nolson/Projects/mgtst_pipelines/data/2-E1_S145_L001_R2_001.fastq.gz
/Users/nolson/Projects/mgtst_pipelines/data/2-E2_S146_L001_R1_001.fastq.gz
/Users/nolson/Projects/mgtst_pipelines/data/2-E2_S146_L001_R2_001.fastq.gz
/Users/nolson/Projects/mgtst_pipelines/data/2-E3_S147_L001_R1_001.fastq.gz
/Users/nolson/Projects/mgtst_pipelines/data/2-E3_S147_L001_R2_001.fastq.gz
/Users/nolson/Projects/mgtst_pipelines/data/2-E4_S148_L001_R1_001.fastq.gz
/Users/nolson/Projects/mgtst_pipelines/data/2-E4_S148_L001_R2_001.fastq.gz
/Users/nolson/Projects/mgtst_pipelines/data/2-E5_S149_L001_R1_001.fastq.gz
/Users/nolson/Projects/mgtst_pipelines/data/2-E5_S149_L001_R2_001.fastq.gz
/Users/nolson/Projects/mgtst_pipelines/data/2-E6_S150_L001_R1_001.fastq.gz
/Users/nolson/Projects/mgtst_pipelines/data/2-E6_S150_L001_R2_001.fastq.gz
/Users/nolson/Projects/mgtst_pipelines/data/2-E7_S151_L001_R1_001.fastq.gz
/Users/nolson/Projects/mgtst_pipelines/data/2-E7_S151_L001_R2_001.fastq.gz
/Users/nolson/Projects/mgtst_pipelines/data/2-E8_S152_L001_R1_001.fastq.gz
/Users/nolson/Projects/mgtst_pipelines/data/2-E8_S152_L001_R2_001.fastq.gz
/Users/nolson/Projects/mgtst_pipelines/data/2-E9_S153_L001_R1_001.fastq.gz
/Users/nolson/Projects/mgtst_pipelines/data/2-E9_S153_L001_R2_001.fastq.gz
/Users/nolson/Projects/mgtst_pipelines/data/2-F10_S166_L001_R1_001.fastq.gz
/Users/nolson/Projects/mgtst_pipelines/data/2-F10_S166_L001_R2_001.fastq.gz
/Users/nolson/Projects/mgtst_pipelines/data/2-F11_S167_L001_R1_001.fastq.gz
/Users/nolson/Projects/mgtst_pipelines/data/2-F11_S167_L001_R2_001.fastq.gz
/Users/nolson/Projects/mgtst_pipelines/data/2-F12_S168_L001_R1_001.fastq.gz
/Users/nolson/Projects/mgtst_pipelines/data/2-F12_S168_L001_R2_001.fastq.gz
/Users/nolson/Projects/mgtst_pipelines/data/2-F1_S157_L001_R1_001.fastq.gz
/Users/nolson/Projects/mgtst_pipelines/data/2-F1_S157_L001_R2_001.fastq.gz
/Users/nolson/Projects/mgtst_pipelines/data/2-F2_S158_L001_R1_001.fastq.gz
/Users/nolson/Projects/mgtst_pipelines/data/2-F2_S158_L001_R2_001.fastq.gz
/Users/nolson/Projects/mgtst_pipelines/data/2-F3_S159_L001_R1_001.fastq.gz
/Users/nolson/Projects/mgtst_pipelines/data/2-F3_S159_L001_R2_001.fastq.gz
/Users/nolson/Projects/mgtst_pipelines/data/2-F4_S160_L001_R1_001.fastq.gz
/Users/nolson/Projects/mgtst_pipelines/data/2-F4_S160_L001_R2_001.fastq.gz
/Users/nolson/Projects/mgtst_pipelines/data/2-F5_S161_L001_R1_001.fastq.gz
/Users/nolson/Projects/mgtst_pipelines/data/2-F5_S161_L001_R2_001.fastq.gz
/Users/nolson/Projects/mgtst_pipelines/data/2-F6_S162_L001_R1_001.fastq.gz
/Users/nolson/Projects/mgtst_pipelines/data/2-F6_S162_L001_R2_001.fastq.gz
/Users/nolson/Projects/mgtst_pipelines/data/2-F7_S163_L001_R1_001.fastq.gz
/Users/nolson/Projects/mgtst_pipelines/data/2-F7_S163_L001_R2_001.fastq.gz
/Users/nolson/Projects/mgtst_pipelines/data/2-F8_S164_L001_R1_001.fastq.gz
/Users/nolson/Projects/mgtst_pipelines/data/2-F8_S164_L001_R2_001.fastq.gz
/Users/nolson/Projects/mgtst_pipelines/data/2-F9_S165_L001_R1_001.fastq.gz
/Users/nolson/Projects/mgtst_pipelines/data/2-F9_S165_L001_R2_001.fastq.gz
/Users/nolson/Projects/mgtst_pipelines/data/2-G10_S178_L001_R1_001.fastq.gz
/Users/nolson/Projects/mgtst_pipelines/data/2-G10_S178_L001_R2_001.fastq.gz
/Users/nolson/Projects/mgtst_pipelines/data/2-G11_S179_L001_R1_001.fastq.gz
/Users/nolson/Projects/mgtst_pipelines/data/2-G11_S179_L001_R2_001.fastq.gz
/Users/nolson/Projects/mgtst_pipelines/data/2-G12_S180_L001_R1_001.fastq.gz
/Users/nolson/Projects/mgtst_pipelines/data/2-G12_S180_L001_R2_001.fastq.gz
/Users/nolson/Projects/mgtst_pipelines/data/2-G1_S169_L001_R1_001.fastq.gz
/Users/nolson/Projects/mgtst_pipelines/data/2-G1_S169_L001_R2_001.fastq.gz
/Users/nolson/Projects/mgtst_pipelines/data/2-G2_S170_L001_R1_001.fastq.gz
/Users/nolson/Projects/mgtst_pipelines/data/2-G2_S170_L001_R2_001.fastq.gz
/Users/nolson/Projects/mgtst_pipelines/data/2-G3_S171_L001_R1_001.fastq.gz
/Users/nolson/Projects/mgtst_pipelines/data/2-G3_S171_L001_R2_001.fastq.gz
/Users/nolson/Projects/mgtst_pipelines/data/2-G4_S172_L001_R1_001.fastq.gz
/Users/nolson/Projects/mgtst_pipelines/data/2-G4_S172_L001_R2_001.fastq.gz
/Users/nolson/Projects/mgtst_pipelines/data/2-G5_S173_L001_R1_001.fastq.gz
/Users/nolson/Projects/mgtst_pipelines/data/2-G5_S173_L001_R2_001.fastq.gz
/Users/nolson/Projects/mgtst_pipelines/data/2-G6_S174_L001_R1_001.fastq.gz
/Users/nolson/Projects/mgtst_pipelines/data/2-G6_S174_L001_R2_001.fastq.gz
/Users/nolson/Projects/mgtst_pipelines/data/2-G7_S175_L001_R1_001.fastq.gz
/Users/nolson/Projects/mgtst_pipelines/data/2-G7_S175_L001_R2_001.fastq.gz
/Users/nolson/Projects/mgtst_pipelines/data/2-G8_S176_L001_R1_001.fastq.gz
/Users/nolson/Projects/mgtst_pipelines/data/2-G8_S176_L001_R2_001.fastq.gz
/Users/nolson/Projects/mgtst_pipelines/data/2-G9_S177_L001_R1_001.fastq.gz
/Users/nolson/Projects/mgtst_pipelines/data/2-G9_S177_L001_R2_001.fastq.gz
/Users/nolson/Projects/mgtst_pipelines/data/2-H10_S190_L001_R1_001.fastq.gz
/Users/nolson/Projects/mgtst_pipelines/data/2-H10_S190_L001_R2_001.fastq.gz
/Users/nolson/Projects/mgtst_pipelines/data/2-H11_S191_L001_R1_001.fastq.gz
/Users/nolson/Projects/mgtst_pipelines/data/2-H11_S191_L001_R2_001.fastq.gz
/Users/nolson/Projects/mgtst_pipelines/data/2-H12_S192_L001_R1_001.fastq.gz
/Users/nolson/Projects/mgtst_pipelines/data/2-H12_S192_L001_R2_001.fastq.gz
/Users/nolson/Projects/mgtst_pipelines/data/2-H1_S181_L001_R1_001.fastq.gz
/Users/nolson/Projects/mgtst_pipelines/data/2-H1_S181_L001_R2_001.fastq.gz
/Users/nolson/Projects/mgtst_pipelines/data/2-H2_S182_L001_R1_001.fastq.gz
/Users/nolson/Projects/mgtst_pipelines/data/2-H2_S182_L001_R2_001.fastq.gz
/Users/nolson/Projects/mgtst_pipelines/data/2-H3_S183_L001_R1_001.fastq.gz
/Users/nolson/Projects/mgtst_pipelines/data/2-H3_S183_L001_R2_001.fastq.gz
/Users/nolson/Projects/mgtst_pipelines/data/2-H4_S184_L001_R1_001.fastq.gz
/Users/nolson/Projects/mgtst_pipelines/data/2-H4_S184_L001_R2_001.fastq.gz
/Users/nolson/Projects/mgtst_pipelines/data/2-H5_S185_L001_R1_001.fastq.gz
/Users/nolson/Projects/mgtst_pipelines/data/2-H5_S185_L001_R2_001.fastq.gz
/Users/nolson/Projects/mgtst_pipelines/data/2-H6_S186_L001_R1_001.fastq.gz
/Users/nolson/Projects/mgtst_pipelines/data/2-H6_S186_L001_R2_001.fastq.gz
/Users/nolson/Projects/mgtst_pipelines/data/2-H7_S187_L001_R1_001.fastq.gz
/Users/nolson/Projects/mgtst_pipelines/data/2-H7_S187_L001_R2_001.fastq.gz
/Users/nolson/Projects/mgtst_pipelines/data/2-H8_S188_L001_R1_001.fastq.gz
/Users/nolson/Projects/mgtst_pipelines/data/2-H8_S188_L001_R2_001.fastq.gz
/Users/nolson/Projects/mgtst_pipelines/data/2-H9_S189_L001_R1_001.fastq.gz
/Users/nolson/Projects/mgtst_pipelines/data/2-H9_S189_L001_R2_001.fastq.gz
